[paul-themes.com/html/simone/home-personal04b9.html]
[backblue.gif]
[fade.gif]
[index.html]
[paul-themes.com/html/simone/css/style.css]
[paul-themes.com/html/simone/favicon.png]
[paul-themes.com/html/simone/img/bg/personal.jpg]
[paul-themes.com/html/simone/img/370x434-1.jpg]
[paul-themes.com/html/simone/img/370x434-2.jpg]
[paul-themes.com/html/simone/img/portfolio/740x540-1.jpg]
[paul-themes.com/html/simone/img/portfolio/740x540-2.jpg]
[paul-themes.com/html/simone/img/portfolio/740x540-3.jpg]
[paul-themes.com/html/simone/img/portfolio/740x540-4.jpg]
[paul-themes.com/html/simone/img/behance.png]
[paul-themes.com/html/simone/img/cssdesignawards.png]
[paul-themes.com/html/simone/img/envato.png]
[paul-themes.com/html/simone/img/testimonials/370x434-1.jpg]
[paul-themes.com/html/simone/img/quote.png]
[paul-themes.com/html/simone/img/testimonials/370x434-2.jpg]
[paul-themes.com/html/simone/img/testimonials/370x434-3.jpg]
[paul-themes.com/html/simone/img/partners/1.png]
[paul-themes.com/html/simone/img/partners/2.png]
[paul-themes.com/html/simone/img/partners/3.png]
[paul-themes.com/html/simone/img/partners/4.png]
[paul-themes.com/html/simone/img/news/370x434-1.jpg]
[paul-themes.com/html/simone/img/news/370x434-2.jpg]
[paul-themes.com/html/simone/js/jquery-1.12.4.min.js]
[paul-themes.com/html/simone/js/popper.min.js]
[paul-themes.com/html/simone/js/bootstrap.min.js]
[paul-themes.com/html/simone/js/jarallax.min.js]
[paul-themes.com/html/simone/js/jquery.validate.min.js]
[unpkg.com/ionicons@5.1.2/dist/ionicons.js]
[paul-themes.com/html/simone/js/jquery.ajaxchimp.min.js]
[paul-themes.com/html/simone/js/aos.js]
[paul-themes.com/html/simone/js/owl.carousel.min.js]
[paul-themes.com/html/simone/js/interface.js]
[paul-themes.com/html/simone/home-personal04b9.html]
[paul-themes.com/html/simone/css/bootstrap.min.css]
[paul-themes.com/html/simone/css/aos.css]
[paul-themes.com/html/simone/css/owl.carousel.min.css]
[paul-themes.com/html/simone/fonts/swansea-webfont.woff2]
[paul-themes.com/html/simone/fonts/swansea-webfont.woff]
[paul-themes.com/html/simone/fonts/swansea_bold-webfont.woff2]
[paul-themes.com/html/simone/fonts/swansea_bold-webfont.woff]
[paul-themes.com/html/simone/css/style.css]
[paul-themes.com/html/simone/js/jquery-1.12.4.min.js]
[paul-themes.com/html/simone/js/popper.min.js]
[paul-themes.com/html/simone/js/bootstrap.min.js]
[paul-themes.com/html/simone/js/jarallax.min.js]
[paul-themes.com/html/simone/js/jquery.validate.min.js]
[paul-themes.com/html/simone/js/jquery.ajaxchimp.min.js]
[paul-themes.com/html/simone/js/aos.js]
[paul-themes.com/html/simone/js/owl.carousel.min.js]
[paul-themes.com/html/simone/js/interface.js]
[paul-themes.com/html/simone/css/bootstrap.min.css]
[paul-themes.com/html/simone/css/aos.css]
[paul-themes.com/html/simone/Trident/index.html]
[paul-themes.com/html/simone/Edge/index.html]
[paul-themes.com/html/simone/dist/index.html]
[paul-themes.com/html/simone/css/owl.carousel.min.css]
[paul-themes.com/html/simone/popper.html]
[paul-themes.com/html/simone/Trident/index.html]
[paul-themes.com/html/simone/Edge/index.html]
[paul-themes.com/html/simone/dist/index.html]
[paul-themes.com/html/simone/css/owl.video.play.html]
